/home/bs_thesis/miniconda/envs/fact_check_env/lib/python3.10/site-packages/transformers/utils/hub.py:110: FutureWarning: Using `TRANSFORMERS_CACHE` is deprecated and will be removed in v5 of Transformers. Use `HF_HOME` instead.
  warnings.warn(
2026-02-15 11:25:41,861 [INFO] __main__: Output directory: logs/component1/train
2026-02-15 11:25:41,861 [INFO] __main__: Claim log (temp): logs/component1/train/claims.jsonl.tmp
2026-02-15 11:25:41,861 [INFO] __main__: Pair log (temp): logs/component1/train/pairs.jsonl.tmp
2026-02-15 11:25:41,861 [INFO] component1.pv: Loading PV model: microsoft/deberta-v3-base-mnli
2026-02-15 11:25:41,861 [INFO] component1.pv: Device: cuda
2026-02-15 11:25:42,168 [ERROR] component1.pv: Failed to initialize PV scorer: microsoft/deberta-v3-base-mnli is not a local folder and is not a valid model identifier listed on 'https://huggingface.co/models'
If this is a private repository, make sure to pass a token having permission to this repo either by logging in with `hf auth login` or by passing `token=<your_token>`
Traceback (most recent call last):
  File "/home/bs_thesis/miniconda/envs/fact_check_env/lib/python3.10/site-packages/huggingface_hub/utils/_http.py", line 402, in hf_raise_for_status
    response.raise_for_status()
  File "/home/bs_thesis/miniconda/envs/fact_check_env/lib/python3.10/site-packages/requests/models.py", line 1026, in raise_for_status
    raise HTTPError(http_error_msg, response=self)
requests.exceptions.HTTPError: 401 Client Error: Unauthorized for url: https://huggingface.co/microsoft/deberta-v3-base-mnli/resolve/main/tokenizer_config.json

The above exception was the direct cause of the following exception:

Traceback (most recent call last):
  File "/home/bs_thesis/miniconda/envs/fact_check_env/lib/python3.10/site-packages/transformers/utils/hub.py", line 479, in cached_files
    hf_hub_download(
  File "/home/bs_thesis/miniconda/envs/fact_check_env/lib/python3.10/site-packages/huggingface_hub/utils/_validators.py", line 114, in _inner_fn
    return fn(*args, **kwargs)
  File "/home/bs_thesis/miniconda/envs/fact_check_env/lib/python3.10/site-packages/huggingface_hub/file_download.py", line 1007, in hf_hub_download
    return _hf_hub_download_to_cache_dir(
  File "/home/bs_thesis/miniconda/envs/fact_check_env/lib/python3.10/site-packages/huggingface_hub/file_download.py", line 1114, in _hf_hub_download_to_cache_dir
    _raise_on_head_call_error(head_call_error, force_download, local_files_only)
  File "/home/bs_thesis/miniconda/envs/fact_check_env/lib/python3.10/site-packages/huggingface_hub/file_download.py", line 1655, in _raise_on_head_call_error
    raise head_call_error
  File "/home/bs_thesis/miniconda/envs/fact_check_env/lib/python3.10/site-packages/huggingface_hub/file_download.py", line 1543, in _get_metadata_or_catch_error
    metadata = get_hf_file_metadata(
  File "/home/bs_thesis/miniconda/envs/fact_check_env/lib/python3.10/site-packages/huggingface_hub/utils/_validators.py", line 114, in _inner_fn
    return fn(*args, **kwargs)
  File "/home/bs_thesis/miniconda/envs/fact_check_env/lib/python3.10/site-packages/huggingface_hub/file_download.py", line 1460, in get_hf_file_metadata
    r = _request_wrapper(
  File "/home/bs_thesis/miniconda/envs/fact_check_env/lib/python3.10/site-packages/huggingface_hub/file_download.py", line 283, in _request_wrapper
    response = _request_wrapper(
  File "/home/bs_thesis/miniconda/envs/fact_check_env/lib/python3.10/site-packages/huggingface_hub/file_download.py", line 307, in _request_wrapper
    hf_raise_for_status(response)
  File "/home/bs_thesis/miniconda/envs/fact_check_env/lib/python3.10/site-packages/huggingface_hub/utils/_http.py", line 452, in hf_raise_for_status
    raise _format(RepositoryNotFoundError, message, response) from e
huggingface_hub.errors.RepositoryNotFoundError: 401 Client Error. (Request ID: Root=1-69915fde-3c47ded61f4d2da805ebb758;839cfa6c-50f4-4a22-a117-5d0b854c6b7e)

Repository Not Found for url: https://huggingface.co/microsoft/deberta-v3-base-mnli/resolve/main/tokenizer_config.json.
Please make sure you specified the correct `repo_id` and `repo_type`.
If you are trying to access a private or gated repo, make sure you are authenticated. For more details, see https://huggingface.co/docs/huggingface_hub/authentication
Invalid username or password.

The above exception was the direct cause of the following exception:

Traceback (most recent call last):
  File "/home/bs_thesis/shift (Copy)/Fact-or-Fiction/src/component1/pv.py", line 71, in __init__
    self.tokenizer = AutoTokenizer.from_pretrained(config.model_name)
  File "/home/bs_thesis/miniconda/envs/fact_check_env/lib/python3.10/site-packages/transformers/models/auto/tokenization_auto.py", line 1089, in from_pretrained
    tokenizer_config = get_tokenizer_config(pretrained_model_name_or_path, **kwargs)
  File "/home/bs_thesis/miniconda/envs/fact_check_env/lib/python3.10/site-packages/transformers/models/auto/tokenization_auto.py", line 921, in get_tokenizer_config
    resolved_config_file = cached_file(
  File "/home/bs_thesis/miniconda/envs/fact_check_env/lib/python3.10/site-packages/transformers/utils/hub.py", line 322, in cached_file
    file = cached_files(path_or_repo_id=path_or_repo_id, filenames=[filename], **kwargs)
  File "/home/bs_thesis/miniconda/envs/fact_check_env/lib/python3.10/site-packages/transformers/utils/hub.py", line 511, in cached_files
    raise OSError(
OSError: microsoft/deberta-v3-base-mnli is not a local folder and is not a valid model identifier listed on 'https://huggingface.co/models'
If this is a private repository, make sure to pass a token having permission to this repo either by logging in with `hf auth login` or by passing `token=<your_token>`

During handling of the above exception, another exception occurred:

Traceback (most recent call last):
  File "/home/bs_thesis/shift (Copy)/Fact-or-Fiction/scripts/run_component1_pv_esm.py", line 488, in <module>
    main()
  File "/home/bs_thesis/shift (Copy)/Fact-or-Fiction/scripts/run_component1_pv_esm.py", line 353, in main
    pv_scorer = PVScorer(pv_config)
  File "/home/bs_thesis/shift (Copy)/Fact-or-Fiction/src/component1/pv.py", line 88, in __init__
    raise ValueError(f"Could not load model {config.model_name}: {e}")
ValueError: Could not load model microsoft/deberta-v3-base-mnli: microsoft/deberta-v3-base-mnli is not a local folder and is not a valid model identifier listed on 'https://huggingface.co/models'
If this is a private repository, make sure to pass a token having permission to this repo either by logging in with `hf auth login` or by passing `token=<your_token>`

ERROR conda.cli.main_run:execute(127): `conda run python scripts/run_component1_pv_esm.py --split train --pair_log_mode all --batch_size 8 --max_length 256` failed. (See above for error)
